logic__72: 
datapath__93: 
logic__303: 
datapath__41: 
datapath__81: 
logic__398: 
datapath__40: 
logic__305: 
datapath__82: 
reg__3: 
logic__392: 
datapath__44: 
dsp48e1: 
logic__390: 
logic__484: 
logic__140: 
datapath__27: 
datapath__55: 
signinv__3: 
datapath__67: 
logic__63: 
logic__524: 
logic__522: 
logic__148: 
logic__304: 
case: 
logic__119: 
case__7: 
logic__407: 
logic__492: 
datapath__7: 
datapath__56: 
logic__373: 
datapath__54: 
datapath__59: 
datapath__91: 
datapath__47: 
logic__523: 
datapath__76: 
case__5: 
logic__506: 
logic__191: 
datapath__49: 
counter__6: 
datapath__22: 
logic__308: 
datapath__25: 
datapath__69: 
datapath__80: 
logic__319: 
logic__488: 
logic__511: 
reg__8: 
logic__125: 
logic__357: 
datapath__88: 
case__8: 
datapath__84: 
datapath__11: 
datapath__94: 
logic__233: 
vga_sync: 
datapath__70: 
logic__507: 
datapath__60: 
logic__95: 
datapath__21: 
logic__190: 
logic__312: 
logic__306: 
datapath__45: 
logic__297: 
addsub: 
datapath__53: 
logic__55: 
datapath__43: 
datapath__23: 
logic__396: 
case__4: 
logic__214: 
logic__416: 
logic__329: 
logic__133: 
logic__328: 
logic__189: 
datapath__71: 
logic__391: 
counter__2: 
datapath__29: 
datapath__73: 
logic__503: 
logic__514: 
reg__11: 
logic__315: 
signinv__2: 
logic__414: 
logic__383: 
logic__399: 
datapath: 
counter__1: 
logic__330: 
logic__272: 
logic__96: 
datapath__58: 
logic__16: 
datapath__3: 
datapath__18: 
logic: 
logic__397: 
logic__318: 
logic__311: 
logic__299: 
datapath__77: 
logic__385: 
datapath__6: 
clk_div: 
logic__420: 
reg__13: 
logic__43: 
datapath__46: 
logic__508: 
logic__410: 
datapath__75: 
logic__300: 
logic__75: 
logic__252: 
datapath__20: 
logic__323: 
logic__294: 
logic__518: 
logic__118: 
datapath__39: 
datapath__17: 
datapath__66: 
logic__12: 
datapath__62: 
datapath__79: 
logic__170: 
logic__6: 
datapath__28: 
logic__415: 
logic__519: 
reg__5: 
logic__51: 
logic__326: 
counter__5: 
logic__296: 
case__1: 
logic__411: 
datapath__14: 
datapath__57: 
logic__372: 
datapath__48: 
datapath__30: 
logic__249: 
reg__9: 
logic__144: 
datapath__74: 
logic__377: 
datapath__19: 
logic__245: 
datapath__13: 
logic__317: 
logic__241: 
logic__1: 
logic__324: 
logic__2: 
logic__504: 
logic__97: 
counter__7: 
logic__384: 
reg__7: 
logic__419: 
logic__114: 
counter__3: 
datapath__87: 
logic__39: 
datapath__86: 
addsub__2: 
logic__20: 
datapath__99: 
reg__14: 
datapath__100: 
logic__25: 
logic__213: 
reg__6: 
datapath__96: 
logic__59: 
logic__325: 
logic__47: 
logic__517: 
logic__316: 
logic__35: 
datapath__26: 
datapath__37: 
datapath__65: 
datapath__101: 
logic__301: 
logic__314: 
datapath__2: 
reg__12: 
datapath__64: 
logic__404: 
datapath__4: 
logic__371: 
logic__28: 
logic__487: 
logic__136: 
reg__10: 
reg: 
datapath__63: 
case__10: 
datapath__10: 
logic__327: 
reg__2: 
datapath__33: 
logic__521: 
logic__403: 
logic__71: 
logic__512: 
datapath__24: 
logic__515: 
logic__509: 
logic__408: 
datapath__72: 
logic__212: 
case__6: 
logic__149: 
datapath__83: 
logic__321: 
logic__3: 
counter__4: 
reg__1: 
datapath__98: 
datapath__95: 
datapath__16: 
vga_top: 
logic__526: 
logic__40: 
logic__67: 
datapath__50: 
logic__496: 
logic__122: 
logic__513: 
logic__9: 
datapath__42: 
logic__380: 
case__3: 
datapath__15: 
addsub__1: 
logic__129: 
logic__313: 
logic__298: 
signinv: 
datapath__8: 
datapath__85: 
logic__389: 
datapath__32: 
pixel_gen: 
logic__150: 
logic__505: 
logic__360: 
datapath__97: 
datapath__31: 
signinv__1: 
datapath__89: 
logic__499: 
reg__4: 
logic__289: 
logic__309: 
logic__378: 
h_counter: 
case__2: 
logic__369: 
datapath__35: 
datapath__5: 
logic__237: 
logic__24: 
addsub__3: 
logic__31: 
logic__320: 
datapath__51: 
logic__295: 
logic__302: 
datapath__52: 
logic__361: 
datapath__61: 
logic__510: 
logic__516: 
datapath__38: 
datapath__9: 
datapath__78: 
datapath__36: 
logic__374: 
logic__310: 
datapath__90: 
logic__379: 
logic__409: 
logic__322: 
logic__307: 
counter: 
logic__520: 
logic__370: 
datapath__1: 
datapath__12: 
case__9: 
datapath__68: 
datapath__92: 
v_counter: 
logic__293: 
datapath__34: 
logic__525: 
